Archive member included because of file (symbol)

/usr/lib/gcc/avr/4.5.0/avr5/libgcc.a(_exit.o)
                              /usr/lib/gcc/avr/4.5.0/../../../../avr/lib/avr5/crtm32.o (exit)
/usr/lib/gcc/avr/4.5.0/avr5/libgcc.a(_copy_data.o)
                              uiktest.o (__do_copy_data)
/usr/lib/gcc/avr/4.5.0/avr5/libgcc.a(_clear_bss.o)
                              uiktest.o (__do_clear_bss)
/usr/lib/gcc/avr/4.5.0/../../../../avr/lib/avr5/libc.a(calloc.o)
                              UIKAPI.o (calloc)
/usr/lib/gcc/avr/4.5.0/../../../../avr/lib/avr5/libc.a(malloc.o)
                              UIKAPI.o (malloc)
/usr/lib/gcc/avr/4.5.0/../../../../avr/lib/avr5/libc.a(memset.o)
                              /usr/lib/gcc/avr/4.5.0/../../../../avr/lib/avr5/libc.a(calloc.o) (memset)
/usr/lib/gcc/avr/4.5.0/avr5/libgcc.a(_epilogue.o)
                              /usr/lib/gcc/avr/4.5.0/../../../../avr/lib/avr5/libc.a(calloc.o) (__epilogue_restores__)

Allocating common symbols
Common symbol       size              file

sem                 0x2               uiktest.o
tcb                 0x2               UIKAPI.o
assocEvents         0x10              UIKAPI.o
currentTCB          0x2               UIKAPI.o
currentTask         0x1               UIKAPI.o
__brkval            0x2               /usr/lib/gcc/avr/4.5.0/../../../../avr/lib/avr5/libc.a(malloc.o)
__flp               0x2               /usr/lib/gcc/avr/4.5.0/../../../../avr/lib/avr5/libc.a(malloc.o)

Memory Configuration

Name             Origin             Length             Attributes
text             0x0000000000000000 0x0000000000020000 xr
data             0x0000000000800060 0x000000000000ffa0 rw !x
eeprom           0x0000000000810000 0x0000000000010000 rw !x
*default*        0x0000000000000000 0xffffffffffffffff

Linker script and memory map

LOAD /usr/lib/gcc/avr/4.5.0/../../../../avr/lib/avr5/crtm32.o
LOAD uiktest.o
LOAD UIKAPI.o
LOAD list.o
LOAD queue.o
LOAD /usr/lib/gcc/avr/4.5.0/avr5/libgcc.a
LOAD /usr/lib/gcc/avr/4.5.0/../../../../avr/lib/avr5/libc.a
LOAD /usr/lib/gcc/avr/4.5.0/avr5/libgcc.a

.hash
 *(.hash)

.dynsym
 *(.dynsym)

.dynstr
 *(.dynstr)

.gnu.version
 *(.gnu.version)

.gnu.version_d
 *(.gnu.version_d)

.gnu.version_r
 *(.gnu.version_r)

.rel.init
 *(.rel.init)

.rela.init
 *(.rela.init)

.rel.text
 *(.rel.text)
 *(.rel.text.*)
 *(.rel.gnu.linkonce.t*)

.rela.text
 *(.rela.text)
 *(.rela.text.*)
 *(.rela.gnu.linkonce.t*)

.rel.fini
 *(.rel.fini)

.rela.fini
 *(.rela.fini)

.rel.rodata
 *(.rel.rodata)
 *(.rel.rodata.*)
 *(.rel.gnu.linkonce.r*)

.rela.rodata
 *(.rela.rodata)
 *(.rela.rodata.*)
 *(.rela.gnu.linkonce.r*)

.rel.data
 *(.rel.data)
 *(.rel.data.*)
 *(.rel.gnu.linkonce.d*)

.rela.data
 *(.rela.data)
 *(.rela.data.*)
 *(.rela.gnu.linkonce.d*)

.rel.ctors
 *(.rel.ctors)

.rela.ctors
 *(.rela.ctors)

.rel.dtors
 *(.rel.dtors)

.rela.dtors
 *(.rela.dtors)

.rel.got
 *(.rel.got)

.rela.got
 *(.rela.got)

.rel.bss
 *(.rel.bss)

.rela.bss
 *(.rela.bss)

.rel.plt
 *(.rel.plt)

.rela.plt
 *(.rela.plt)

.text           0x0000000000000000      0xec6
 *(.vectors)
 .vectors       0x0000000000000000       0x54 /usr/lib/gcc/avr/4.5.0/../../../../avr/lib/avr5/crtm32.o
                0x0000000000000000                __vectors
                0x0000000000000000                __vector_default
 *(.vectors)
 *(.progmem.gcc*)
 *(.progmem*)
                0x0000000000000054                . = ALIGN (0x2)
                0x0000000000000054                __trampolines_start = .
 *(.trampolines)
 .trampolines   0x0000000000000054        0x0 linker stubs
 *(.trampolines*)
                0x0000000000000054                __trampolines_end = .
 *(.jumptables)
 *(.jumptables*)
 *(.lowtext)
 *(.lowtext*)
                0x0000000000000054                __ctors_start = .
 *(.ctors)
                0x0000000000000054                __ctors_end = .
                0x0000000000000054                __dtors_start = .
 *(.dtors)
                0x0000000000000054                __dtors_end = .
 SORT(*)(.ctors)
 SORT(*)(.dtors)
 *(.init0)
 .init0         0x0000000000000054        0x0 /usr/lib/gcc/avr/4.5.0/../../../../avr/lib/avr5/crtm32.o
                0x0000000000000054                __init
 *(.init0)
 *(.init1)
 *(.init1)
 *(.init2)
 .init2         0x0000000000000054        0xc /usr/lib/gcc/avr/4.5.0/../../../../avr/lib/avr5/crtm32.o
 *(.init2)
 *(.init3)
 *(.init3)
 *(.init4)
 .init4         0x0000000000000060       0x16 /usr/lib/gcc/avr/4.5.0/avr5/libgcc.a(_copy_data.o)
                0x0000000000000060                __do_copy_data
 .init4         0x0000000000000076       0x10 /usr/lib/gcc/avr/4.5.0/avr5/libgcc.a(_clear_bss.o)
                0x0000000000000076                __do_clear_bss
 *(.init4)
 *(.init5)
 *(.init5)
 *(.init6)
 *(.init6)
 *(.init7)
 *(.init7)
 *(.init8)
 *(.init8)
 *(.init9)
 .init9         0x0000000000000086        0x8 /usr/lib/gcc/avr/4.5.0/../../../../avr/lib/avr5/crtm32.o
 *(.init9)
 *(.text)
 .text          0x000000000000008e        0x4 /usr/lib/gcc/avr/4.5.0/../../../../avr/lib/avr5/crtm32.o
                0x000000000000008e                __vector_1
                0x000000000000008e                __vector_12
                0x000000000000008e                __bad_interrupt
                0x000000000000008e                __vector_6
                0x000000000000008e                __vector_3
                0x000000000000008e                __vector_11
                0x000000000000008e                __vector_13
                0x000000000000008e                __vector_17
                0x000000000000008e                __vector_19
                0x000000000000008e                __vector_5
                0x000000000000008e                __vector_4
                0x000000000000008e                __vector_9
                0x000000000000008e                __vector_2
                0x000000000000008e                __vector_15
                0x000000000000008e                __vector_8
                0x000000000000008e                __vector_14
                0x000000000000008e                __vector_10
                0x000000000000008e                __vector_16
                0x000000000000008e                __vector_18
                0x000000000000008e                __vector_20
 .text          0x0000000000000092      0x186 uiktest.o
                0x0000000000000092                d
                0x00000000000000a2                c
                0x00000000000000e6                b
                0x0000000000000140                a
                0x000000000000019a                main
 .text          0x0000000000000218      0x702 UIKAPI.o
                0x0000000000000218                UIKIdle
                0x000000000000021a                UIKTick
                0x00000000000002a0                UIKDispatcher
                0x0000000000000322                __vector_7
                0x00000000000003d8                UIKAddTask
                0x000000000000053a                UIKInitialize
                0x00000000000005d4                UIKRun
                0x00000000000005f2                UIKStart
                0x000000000000066a                UIKSchedule
                0x000000000000071c                UIKDelay
                0x000000000000074e                UIKSemCreate
                0x0000000000000792                UIKSemPend
                0x00000000000007d6                UIKSemPost
                0x0000000000000832                UIKSemValue
                0x0000000000000838                UIKAssocEvent
                0x0000000000000884                UIKDisassocEvent
                0x00000000000008aa                UIKRaiseEvent
 .text          0x000000000000091a      0x122 list.o
                0x000000000000091a                IsEmpty
                0x0000000000000930                IsLast
                0x0000000000000946                Find
                0x0000000000000966                FindPrevious
                0x0000000000000980                Delete
                0x00000000000009a2                Insert
                0x00000000000009d4                DeleteList
                0x0000000000000a04                MakeEmpty
                0x0000000000000a24                Header
                0x0000000000000a26                First
                0x0000000000000a2e                Advance
                0x0000000000000a36                Retrieve
 .text          0x0000000000000a3c      0x190 queue.o
                0x0000000000000a3c                IsEmptyQueue
                0x0000000000000a52                IsFull
                0x0000000000000a6e                CreateQueue
                0x0000000000000ad0                MakeEmptyQueue
                0x0000000000000ae4                DisposeQueue
                0x0000000000000b02                Enqueue
                0x0000000000000b3e                Front
                0x0000000000000b68                Dequeue
                0x0000000000000b92                FrontAndDequeue
 .text          0x0000000000000bcc        0x0 /usr/lib/gcc/avr/4.5.0/avr5/libgcc.a(_exit.o)
 .text          0x0000000000000bcc        0x0 /usr/lib/gcc/avr/4.5.0/avr5/libgcc.a(_copy_data.o)
 .text          0x0000000000000bcc        0x0 /usr/lib/gcc/avr/4.5.0/avr5/libgcc.a(_clear_bss.o)
 .text          0x0000000000000bcc        0x0 /usr/lib/gcc/avr/4.5.0/../../../../avr/lib/avr5/libc.a(calloc.o)
 .text          0x0000000000000bcc        0x0 /usr/lib/gcc/avr/4.5.0/../../../../avr/lib/avr5/libc.a(malloc.o)
 .text          0x0000000000000bcc        0x0 /usr/lib/gcc/avr/4.5.0/../../../../avr/lib/avr5/libc.a(memset.o)
 .text          0x0000000000000bcc        0x0 /usr/lib/gcc/avr/4.5.0/avr5/libgcc.a(_epilogue.o)
                0x0000000000000bcc                . = ALIGN (0x2)
 *(.text.*)
 .text.libgcc   0x0000000000000bcc        0x0 /usr/lib/gcc/avr/4.5.0/avr5/libgcc.a(_exit.o)
 .text.libgcc   0x0000000000000bcc        0x0 /usr/lib/gcc/avr/4.5.0/avr5/libgcc.a(_copy_data.o)
 .text.libgcc   0x0000000000000bcc        0x0 /usr/lib/gcc/avr/4.5.0/avr5/libgcc.a(_clear_bss.o)
 .text.avr-libc
                0x0000000000000bcc       0x48 /usr/lib/gcc/avr/4.5.0/../../../../avr/lib/avr5/libc.a(calloc.o)
                0x0000000000000bcc                calloc
 .text.avr-libc
                0x0000000000000c14      0x26a /usr/lib/gcc/avr/4.5.0/../../../../avr/lib/avr5/libc.a(malloc.o)
                0x0000000000000c14                malloc
                0x0000000000000d4c                free
 .text.avr-libc
                0x0000000000000e7e        0xe /usr/lib/gcc/avr/4.5.0/../../../../avr/lib/avr5/libc.a(memset.o)
                0x0000000000000e7e                memset
 .text.libgcc   0x0000000000000e8c       0x36 /usr/lib/gcc/avr/4.5.0/avr5/libgcc.a(_epilogue.o)
                0x0000000000000e8c                __epilogue_restores__
                0x0000000000000ec2                . = ALIGN (0x2)
 *(.fini9)
 .fini9         0x0000000000000ec2        0x0 /usr/lib/gcc/avr/4.5.0/avr5/libgcc.a(_exit.o)
                0x0000000000000ec2                exit
                0x0000000000000ec2                _exit
 *(.fini9)
 *(.fini8)
 *(.fini8)
 *(.fini7)
 *(.fini7)
 *(.fini6)
 *(.fini6)
 *(.fini5)
 *(.fini5)
 *(.fini4)
 *(.fini4)
 *(.fini3)
 *(.fini3)
 *(.fini2)
 *(.fini2)
 *(.fini1)
 *(.fini1)
 *(.fini0)
 .fini0         0x0000000000000ec2        0x4 /usr/lib/gcc/avr/4.5.0/avr5/libgcc.a(_exit.o)
 *(.fini0)
                0x0000000000000ec6                _etext = .

.data           0x0000000000800060        0x8 load address 0x0000000000000ec6
                0x0000000000800060                PROVIDE (__data_start, .)
 *(.data)
 .data          0x0000000000800060        0x0 /usr/lib/gcc/avr/4.5.0/../../../../avr/lib/avr5/crtm32.o
 .data          0x0000000000800060        0x2 uiktest.o
                0x0000000000800060                TICKLEN
 .data          0x0000000000800062        0x0 UIKAPI.o
 .data          0x0000000000800062        0x0 list.o
 .data          0x0000000000800062        0x0 queue.o
 .data          0x0000000000800062        0x0 /usr/lib/gcc/avr/4.5.0/avr5/libgcc.a(_exit.o)
 .data          0x0000000000800062        0x0 /usr/lib/gcc/avr/4.5.0/avr5/libgcc.a(_copy_data.o)
 .data          0x0000000000800062        0x0 /usr/lib/gcc/avr/4.5.0/avr5/libgcc.a(_clear_bss.o)
 .data          0x0000000000800062        0x0 /usr/lib/gcc/avr/4.5.0/../../../../avr/lib/avr5/libc.a(calloc.o)
 .data          0x0000000000800062        0x6 /usr/lib/gcc/avr/4.5.0/../../../../avr/lib/avr5/libc.a(malloc.o)
                0x0000000000800062                __malloc_margin
                0x0000000000800064                __malloc_heap_start
                0x0000000000800066                __malloc_heap_end
 .data          0x0000000000800068        0x0 /usr/lib/gcc/avr/4.5.0/../../../../avr/lib/avr5/libc.a(memset.o)
 .data          0x0000000000800068        0x0 /usr/lib/gcc/avr/4.5.0/avr5/libgcc.a(_epilogue.o)
 *(.data*)
 *(.rodata)
 *(.rodata*)
 *(.gnu.linkonce.d*)
                0x0000000000800068                . = ALIGN (0x2)
                0x0000000000800068                _edata = .
                0x0000000000800068                PROVIDE (__data_end, .)

.bss            0x0000000000800068      0x1cc
                0x0000000000800068                PROVIDE (__bss_start, .)
 *(.bss)
 .bss           0x0000000000800068        0x0 /usr/lib/gcc/avr/4.5.0/../../../../avr/lib/avr5/crtm32.o
 .bss           0x0000000000800068      0x154 uiktest.o
                0x0000000000800068                a_stack
                0x00000000008000bd                b_stack
                0x0000000000800112                c_stack
                0x0000000000800167                d_stack
 .bss           0x00000000008001bc       0x5d UIKAPI.o
                0x00000000008001bc                UIKTickNum
                0x00000000008001c0                UIKTickLen
                0x00000000008001c2                maxTaskNumber
                0x00000000008001c3                taskNum
                0x00000000008001c4                idleStack
 .bss           0x0000000000800219        0x0 list.o
 .bss           0x0000000000800219        0x0 queue.o
 .bss           0x0000000000800219        0x0 /usr/lib/gcc/avr/4.5.0/avr5/libgcc.a(_exit.o)
 .bss           0x0000000000800219        0x0 /usr/lib/gcc/avr/4.5.0/avr5/libgcc.a(_copy_data.o)
 .bss           0x0000000000800219        0x0 /usr/lib/gcc/avr/4.5.0/avr5/libgcc.a(_clear_bss.o)
 .bss           0x0000000000800219        0x0 /usr/lib/gcc/avr/4.5.0/../../../../avr/lib/avr5/libc.a(calloc.o)
 .bss           0x0000000000800219        0x0 /usr/lib/gcc/avr/4.5.0/../../../../avr/lib/avr5/libc.a(malloc.o)
 .bss           0x0000000000800219        0x0 /usr/lib/gcc/avr/4.5.0/../../../../avr/lib/avr5/libc.a(memset.o)
 .bss           0x0000000000800219        0x0 /usr/lib/gcc/avr/4.5.0/avr5/libgcc.a(_epilogue.o)
 *(.bss*)
 *(COMMON)
 COMMON         0x0000000000800219        0x2 uiktest.o
                0x0000000000800219                sem
 COMMON         0x000000000080021b       0x15 UIKAPI.o
                0x000000000080021b                tcb
                0x000000000080021d                assocEvents
                0x000000000080022d                currentTCB
                0x000000000080022f                currentTask
 COMMON         0x0000000000800230        0x4 /usr/lib/gcc/avr/4.5.0/../../../../avr/lib/avr5/libc.a(malloc.o)
                0x0000000000800230                __brkval
                0x0000000000800232                __flp
                0x0000000000800234                PROVIDE (__bss_end, .)
                0x0000000000000ec6                __data_load_start = LOADADDR (.data)
                0x0000000000000ece                __data_load_end = (__data_load_start + SIZEOF (.data))

.noinit         0x0000000000800234        0x0
                0x0000000000800234                PROVIDE (__noinit_start, .)
 *(.noinit*)
                0x0000000000800234                PROVIDE (__noinit_end, .)
                0x0000000000800234                _end = .
                0x0000000000800234                PROVIDE (__heap_start, .)

.eeprom         0x0000000000810000        0x0
 *(.eeprom*)
                0x0000000000810000                __eeprom_end = .

.stab           0x0000000000000000     0x3720
 *(.stab)
 .stab          0x0000000000000000      0x6cc /usr/lib/gcc/avr/4.5.0/../../../../avr/lib/avr5/crtm32.o
 .stab          0x00000000000006cc      0x9e4 uiktest.o
                                        0x9f0 (size before relaxing)
 .stab          0x00000000000010b0      0xeac UIKAPI.o
                                       0x11d0 (size before relaxing)
 .stab          0x0000000000001f5c      0x7d4 list.o
                                        0x9c0 (size before relaxing)
 .stab          0x0000000000002730      0x6d8 queue.o
                                        0x8e8 (size before relaxing)
 .stab          0x0000000000002e08      0x1a4 /usr/lib/gcc/avr/4.5.0/../../../../avr/lib/avr5/libc.a(calloc.o)
                                        0x1d4 (size before relaxing)
 .stab          0x0000000000002fac      0x708 /usr/lib/gcc/avr/4.5.0/../../../../avr/lib/avr5/libc.a(malloc.o)
                                        0x768 (size before relaxing)
 .stab          0x00000000000036b4       0x6c /usr/lib/gcc/avr/4.5.0/../../../../avr/lib/avr5/libc.a(memset.o)
                                         0x78 (size before relaxing)

.stabstr        0x0000000000000000     0x1910
 *(.stabstr)
 .stabstr       0x0000000000000000     0x1910 /usr/lib/gcc/avr/4.5.0/../../../../avr/lib/avr5/crtm32.o

.stab.excl
 *(.stab.excl)

.stab.exclstr
 *(.stab.exclstr)

.stab.index
 *(.stab.index)

.stab.indexstr
 *(.stab.indexstr)

.comment
 *(.comment)

.debug
 *(.debug)

.line
 *(.line)

.debug_srcinfo
 *(.debug_srcinfo)

.debug_sfnames
 *(.debug_sfnames)

.debug_aranges
 *(.debug_aranges)

.debug_pubnames
 *(.debug_pubnames)

.debug_info
 *(.debug_info)
 *(.gnu.linkonce.wi.*)

.debug_abbrev
 *(.debug_abbrev)

.debug_line
 *(.debug_line)

.debug_frame
 *(.debug_frame)

.debug_str
 *(.debug_str)

.debug_loc
 *(.debug_loc)

.debug_macinfo
 *(.debug_macinfo)
OUTPUT(uiktest.elf elf32-avr)
LOAD linker stubs
